[backblue.gif]
[fade.gif]
[index.html]
[ssl.gstatic.com/atari/images/vision-header.jpg]
[sites.google.com/view/acym-nuevo-retablo/página-principal.html]
[apis.google.com/js/clientc932.js]
[sites.google.com/view/acym-nuevo-retablo/_/ss/index.html]
[sites.google.com/view/acym-nuevo-retablo/ela.html]
[sites.google.com/view/acym-nuevo-retablo/ela/estudiantes.html]
[sites.google.com/view/acym-nuevo-retablo/ela/estudiantes/nuevos-estudiantes.html]
[sites.google.com/view/acym-nuevo-retablo/ela/estudiantes/nuevos-estudiantes/registro-de-adultos.html]
[sites.google.com/view/acym-nuevo-retablo/ela/estudiantes/nuevos-estudiantes/registro-adolescentes.html]
[sites.google.com/view/acym-nuevo-retablo/ela/currícula.html]
[sites.google.com/view/acym-nuevo-retablo/ela/maestros.html]
[sites.google.com/view/acym-nuevo-retablo/ela/silabus.html]
[sites.google.com/view/acym-nuevo-retablo/ela/horarios.html]
[sites.google.com/view/acym-nuevo-retablo/adolescentes.html]
[sites.google.com/view/acym-nuevo-retablo/adolescentes/registro-de-adolescentes.html]
[sites.google.com/view/acym-nuevo-retablo/jóvenes.html]
[sites.google.com/view/acym-nuevo-retablo/ela/_/ss/index.html]
[sites.google.com/view/acym-nuevo-retablo/ela/estudiantes/plataforma-estudiantil.html]
[sites.google.com/view/acym-nuevo-retablo/ela/estudiantes/_/ss/index.html]
[sites.google.com/view/acym-nuevo-retablo/ela/estudiantes/nuevos-estudiantes/_/ss/index.html]
[sites.google.com/view/acym-nuevo-retablo/adolescentes/_/ss/index.html]
[sites.google.com/view/acym-nuevo-retablo/ela/estudiantes/{.html]
